[PageRankDriver] Dem so node (N) bang mot luot quet nhe file dau vao...
[PageRankDriver] N = 7115 node
[PageRankDriver] damping=0.85 tolerance=1.0E-6 maxIter=20
[PageRankDriver] Chay PreprocessJob...
2026-07-28 06:48:04,397 INFO client.DefaultNoHARMFailoverProxyProvider: Connecting to ResourceManager at /0.0.0.0:8032
2026-07-28 06:48:04,632 INFO mapreduce.JobResourceUploader: Disabling Erasure Coding for path: /tmp/hadoop-yarn/staging/minhminh/.staging/job_1785056191449_0092
2026-07-28 06:48:04,802 INFO input.FileInputFormat: Total input files to process : 1
2026-07-28 06:48:04,859 INFO mapreduce.JobSubmitter: number of splits:1
2026-07-28 06:48:04,969 INFO mapreduce.JobSubmitter: Submitting tokens for job: job_1785056191449_0092
2026-07-28 06:48:04,969 INFO mapreduce.JobSubmitter: Executing with tokens: []
2026-07-28 06:48:05,059 INFO conf.Configuration: resource-types.xml not found
2026-07-28 06:48:05,059 INFO resource.ResourceUtils: Unable to find 'resource-types.xml'.
2026-07-28 06:48:05,109 INFO impl.YarnClientImpl: Submitted application application_1785056191449_0092
2026-07-28 06:48:05,129 INFO mapreduce.Job: The url to track the job: http://LAPTOP-NCFUBPE4.localdomain:8088/proxy/application_1785056191449_0092/
2026-07-28 06:48:05,130 INFO mapreduce.Job: Running job: job_1785056191449_0092
2026-07-28 06:48:11,229 INFO mapreduce.Job: Job job_1785056191449_0092 running in uber mode : false
2026-07-28 06:48:11,230 INFO mapreduce.Job:  map 0% reduce 0%
2026-07-28 06:48:16,880 INFO mapreduce.Job:  map 100% reduce 0%
2026-07-28 06:48:21,907 INFO mapreduce.Job:  map 100% reduce 100%
2026-07-28 06:48:21,919 INFO mapreduce.Job: Job job_1785056191449_0092 completed successfully
2026-07-28 06:48:21,979 INFO mapreduce.Job: Counters: 55
	File System Counters
		FILE: Number of bytes read=2219807
		FILE: Number of bytes written=4992899
		FILE: Number of read operations=0
		FILE: Number of large read operations=0
		FILE: Number of write operations=0
		HDFS: Number of bytes read=1094893
		HDFS: Number of bytes written=680748
		HDFS: Number of read operations=8
		HDFS: Number of large read operations=0
		HDFS: Number of write operations=2
		HDFS: Number of bytes read erasure-coded=0
	Job Counters 
		Launched map tasks=1
		Launched reduce tasks=1
		Data-local map tasks=1
		Total time spent by all maps in occupied slots (ms)=2202
		Total time spent by all reduces in occupied slots (ms)=1851
		Total time spent by all map tasks (ms)=2202
		Total time spent by all reduce tasks (ms)=1851
		Total vcore-milliseconds taken by all map tasks=2202
		Total vcore-milliseconds taken by all reduce tasks=1851
		Total megabyte-milliseconds taken by all map tasks=2254848
		Total megabyte-milliseconds taken by all reduce tasks=1895424
	Map-Reduce Framework
		Map input records=103689
		Map output records=207378
		Map output bytes=1805045
		Map output materialized bytes=2219807
		Input split bytes=115
		Combine input records=0
		Combine output records=0
		Reduce input groups=7115
		Reduce shuffle bytes=2219807
		Reduce input records=207378
		Reduce output records=7115
		Spilled Records=414756
		Shuffled Maps =1
		Failed Shuffles=0
		Merged Map outputs=1
		GC time elapsed (ms)=46
		CPU time spent (ms)=2950
		Physical memory (bytes) snapshot=588062720
		Virtual memory (bytes) snapshot=5521334272
		Total committed heap usage (bytes)=402653184
		Peak Map Physical memory (bytes)=366686208
		Peak Map Virtual memory (bytes)=2758053888
		Peak Reduce Physical memory (bytes)=221376512
		Peak Reduce Virtual memory (bytes)=2763280384
	PAGERANK
		INITIAL_DANGLING_MASS_SCALED=141250878690
	Shuffle Errors
		BAD_ID=0
		CONNECTION=0
		IO_ERROR=0
		WRONG_LENGTH=0
		WRONG_MAP=0
		WRONG_REDUCE=0
	File Input Format Counters 
		Bytes Read=1094778
	File Output Format Counters 
		Bytes Written=680748
[PageRankDriver] danglingSum khoi tao = 0.14125087869
[PageRankDriver] Vong lap 1 ...
2026-07-28 06:48:21,999 INFO client.DefaultNoHARMFailoverProxyProvider: Connecting to ResourceManager at /0.0.0.0:8032
2026-07-28 06:48:22,026 INFO mapreduce.JobResourceUploader: Disabling Erasure Coding for path: /tmp/hadoop-yarn/staging/minhminh/.staging/job_1785056191449_0093
2026-07-28 06:48:22,080 INFO input.FileInputFormat: Total input files to process : 1
2026-07-28 06:48:22,119 INFO mapreduce.JobSubmitter: number of splits:1
2026-07-28 06:48:22,260 INFO mapreduce.JobSubmitter: Submitting tokens for job: job_1785056191449_0093
2026-07-28 06:48:22,260 INFO mapreduce.JobSubmitter: Executing with tokens: []
2026-07-28 06:48:22,283 INFO impl.YarnClientImpl: Submitted application application_1785056191449_0093
2026-07-28 06:48:22,287 INFO mapreduce.Job: The url to track the job: http://LAPTOP-NCFUBPE4.localdomain:8088/proxy/application_1785056191449_0093/
2026-07-28 06:48:22,287 INFO mapreduce.Job: Running job: job_1785056191449_0093
2026-07-28 06:48:32,374 INFO mapreduce.Job: Job job_1785056191449_0093 running in uber mode : false
2026-07-28 06:48:32,374 INFO mapreduce.Job:  map 0% reduce 0%
2026-07-28 06:48:36,402 INFO mapreduce.Job:  map 100% reduce 0%
2026-07-28 06:48:41,433 INFO mapreduce.Job:  map 100% reduce 100%
2026-07-28 06:48:41,440 INFO mapreduce.Job: Job job_1785056191449_0093 completed successfully
2026-07-28 06:48:41,459 INFO mapreduce.Job: Counters: 56
	File System Counters
		FILE: Number of bytes read=3704888
		FILE: Number of bytes written=7963677
		FILE: Number of read operations=0
		FILE: Number of large read operations=0
		FILE: Number of write operations=0
		HDFS: Number of bytes read=680878
		HDFS: Number of bytes written=683933
		HDFS: Number of read operations=8
		HDFS: Number of large read operations=0
		HDFS: Number of write operations=2
		HDFS: Number of bytes read erasure-coded=0
	Job Counters 
		Launched map tasks=1
		Launched reduce tasks=1
		Data-local map tasks=1
		Total time spent by all maps in occupied slots (ms)=2076
		Total time spent by all reduces in occupied slots (ms)=1796
		Total time spent by all map tasks (ms)=2076
		Total time spent by all reduce tasks (ms)=1796
		Total vcore-milliseconds taken by all map tasks=2076
		Total vcore-milliseconds taken by all reduce tasks=1796
		Total megabyte-milliseconds taken by all map tasks=2125824
		Total megabyte-milliseconds taken by all reduce tasks=1839104
	Map-Reduce Framework
		Map input records=7115
		Map output records=110804
		Map output bytes=3481671
		Map output materialized bytes=3704888
		Input split bytes=130
		Combine input records=0
		Combine output records=0
		Reduce input groups=7115
		Reduce shuffle bytes=3704888
		Reduce input records=110804
		Reduce output records=7115
		Spilled Records=221608
		Shuffled Maps =1
		Failed Shuffles=0
		Merged Map outputs=1
		GC time elapsed (ms)=51
		CPU time spent (ms)=2690
		Physical memory (bytes) snapshot=563687424
		Virtual memory (bytes) snapshot=5530537984
		Total committed heap usage (bytes)=387973120
		Peak Map Physical memory (bytes)=334123008
		Peak Map Virtual memory (bytes)=2761736192
		Peak Reduce Physical memory (bytes)=229564416
		Peak Reduce Virtual memory (bytes)=2768801792
	PAGERANK
		DIFF_SCALED=1073146231253
		NEXT_DANGLING_MASS_SCALED=270735779539
	Shuffle Errors
		BAD_ID=0
		CONNECTION=0
		IO_ERROR=0
		WRONG_LENGTH=0
		WRONG_MAP=0
		WRONG_REDUCE=0
	File Input Format Counters 
		Bytes Read=680748
	File Output Format Counters 
		Bytes Written=683933
[PageRankDriver]   diff = 1.073146231253, danglingSum(next) = 0.270735779539
[PageRankDriver] Vong lap 2 ...
2026-07-28 06:48:41,479 INFO client.DefaultNoHARMFailoverProxyProvider: Connecting to ResourceManager at /0.0.0.0:8032
2026-07-28 06:48:41,536 INFO mapreduce.JobResourceUploader: Disabling Erasure Coding for path: /tmp/hadoop-yarn/staging/minhminh/.staging/job_1785056191449_0094
2026-07-28 06:48:41,580 INFO input.FileInputFormat: Total input files to process : 1
2026-07-28 06:48:42,020 INFO mapreduce.JobSubmitter: number of splits:1
2026-07-28 06:48:42,044 INFO mapreduce.JobSubmitter: Submitting tokens for job: job_1785056191449_0094
2026-07-28 06:48:42,044 INFO mapreduce.JobSubmitter: Executing with tokens: []
2026-07-28 06:48:42,066 INFO impl.YarnClientImpl: Submitted application application_1785056191449_0094
2026-07-28 06:48:42,071 INFO mapreduce.Job: The url to track the job: http://LAPTOP-NCFUBPE4.localdomain:8088/proxy/application_1785056191449_0094/
2026-07-28 06:48:42,071 INFO mapreduce.Job: Running job: job_1785056191449_0094
2026-07-28 06:48:54,724 INFO mapreduce.Job: Job job_1785056191449_0094 running in uber mode : false
2026-07-28 06:48:54,724 INFO mapreduce.Job:  map 0% reduce 0%
2026-07-28 06:48:58,760 INFO mapreduce.Job:  map 100% reduce 0%
2026-07-28 06:49:03,787 INFO mapreduce.Job:  map 100% reduce 100%
2026-07-28 06:49:04,800 INFO mapreduce.Job: Job job_1785056191449_0094 completed successfully
2026-07-28 06:49:04,816 INFO mapreduce.Job: Counters: 56
	File System Counters
		FILE: Number of bytes read=3726452
		FILE: Number of bytes written=8006807
		FILE: Number of read operations=0
		FILE: Number of large read operations=0
		FILE: Number of write operations=0
		HDFS: Number of bytes read=684063
		HDFS: Number of bytes written=688721
		HDFS: Number of read operations=8
		HDFS: Number of large read operations=0
		HDFS: Number of write operations=2
		HDFS: Number of bytes read erasure-coded=0
	Job Counters 
		Launched map tasks=1
		Launched reduce tasks=1
		Data-local map tasks=1
		Total time spent by all maps in occupied slots (ms)=2014
		Total time spent by all reduces in occupied slots (ms)=2165
		Total time spent by all map tasks (ms)=2014
		Total time spent by all reduce tasks (ms)=2165
		Total vcore-milliseconds taken by all map tasks=2014
		Total vcore-milliseconds taken by all reduce tasks=2165
		Total megabyte-milliseconds taken by all map tasks=2062336
		Total megabyte-milliseconds taken by all reduce tasks=2216960
	Map-Reduce Framework
		Map input records=7115
		Map output records=110804
		Map output bytes=3503230
		Map output materialized bytes=3726452
		Input split bytes=130
		Combine input records=0
		Combine output records=0
		Reduce input groups=7115
		Reduce shuffle bytes=3726452
		Reduce input records=110804
		Reduce output records=7115
		Spilled Records=221608
		Shuffled Maps =1
		Failed Shuffles=0
		Merged Map outputs=1
		GC time elapsed (ms)=49
		CPU time spent (ms)=3590
		Physical memory (bytes) snapshot=604467200
		Virtual memory (bytes) snapshot=5519749120
		Total committed heap usage (bytes)=387973120
		Peak Map Physical memory (bytes)=336044032
		Peak Map Virtual memory (bytes)=2756706304
		Peak Reduce Physical memory (bytes)=268423168
		Peak Reduce Virtual memory (bytes)=2763042816
	PAGERANK
		DIFF_SCALED=335083669434
		NEXT_DANGLING_MASS_SCALED=242152183025
	Shuffle Errors
		BAD_ID=0
		CONNECTION=0
		IO_ERROR=0
		WRONG_LENGTH=0
		WRONG_MAP=0
		WRONG_REDUCE=0
	File Input Format Counters 
		Bytes Read=683933
	File Output Format Counters 
		Bytes Written=688721
[PageRankDriver]   diff = 0.335083669434, danglingSum(next) = 0.242152183025
[PageRankDriver] Vong lap 3 ...
2026-07-28 06:49:04,831 INFO client.DefaultNoHARMFailoverProxyProvider: Connecting to ResourceManager at /0.0.0.0:8032
2026-07-28 06:49:04,886 INFO mapreduce.JobResourceUploader: Disabling Erasure Coding for path: /tmp/hadoop-yarn/staging/minhminh/.staging/job_1785056191449_0095
2026-07-28 06:49:04,918 INFO input.FileInputFormat: Total input files to process : 1
2026-07-28 06:49:04,949 INFO mapreduce.JobSubmitter: number of splits:1
2026-07-28 06:49:04,970 INFO mapreduce.JobSubmitter: Submitting tokens for job: job_1785056191449_0095
2026-07-28 06:49:04,970 INFO mapreduce.JobSubmitter: Executing with tokens: []
2026-07-28 06:49:04,990 INFO impl.YarnClientImpl: Submitted application application_1785056191449_0095
2026-07-28 06:49:04,996 INFO mapreduce.Job: The url to track the job: http://LAPTOP-NCFUBPE4.localdomain:8088/proxy/application_1785056191449_0095/
2026-07-28 06:49:04,996 INFO mapreduce.Job: Running job: job_1785056191449_0095
2026-07-28 06:49:15,090 INFO mapreduce.Job: Job job_1785056191449_0095 running in uber mode : false
2026-07-28 06:49:15,091 INFO mapreduce.Job:  map 0% reduce 0%
2026-07-28 06:49:21,727 INFO mapreduce.Job:  map 100% reduce 0%
2026-07-28 06:49:26,753 INFO mapreduce.Job:  map 100% reduce 100%
2026-07-28 06:49:26,760 INFO mapreduce.Job: Job job_1785056191449_0095 completed successfully
2026-07-28 06:49:26,778 INFO mapreduce.Job: Counters: 56
	File System Counters
		FILE: Number of bytes read=3745936
		FILE: Number of bytes written=8045775
		FILE: Number of read operations=0
		FILE: Number of large read operations=0
		FILE: Number of write operations=0
		HDFS: Number of bytes read=688851
		HDFS: Number of bytes written=688727
		HDFS: Number of read operations=8
		HDFS: Number of large read operations=0
		HDFS: Number of write operations=2
		HDFS: Number of bytes read erasure-coded=0
	Job Counters 
		Launched map tasks=1
		Launched reduce tasks=1
		Data-local map tasks=1
		Total time spent by all maps in occupied slots (ms)=2025
		Total time spent by all reduces in occupied slots (ms)=1836
		Total time spent by all map tasks (ms)=2025
		Total time spent by all reduce tasks (ms)=1836
		Total vcore-milliseconds taken by all map tasks=2025
		Total vcore-milliseconds taken by all reduce tasks=1836
		Total megabyte-milliseconds taken by all map tasks=2073600
		Total megabyte-milliseconds taken by all reduce tasks=1880064
	Map-Reduce Framework
		Map input records=7115
		Map output records=110804
		Map output bytes=3522710
		Map output materialized bytes=3745936
		Input split bytes=130
		Combine input records=0
		Combine output records=0
		Reduce input groups=7115
		Reduce shuffle bytes=3745936
		Reduce input records=110804
		Reduce output records=7115
		Spilled Records=221608
		Shuffled Maps =1
		Failed Shuffles=0
		Merged Map outputs=1
		GC time elapsed (ms)=52
		CPU time spent (ms)=3150
		Physical memory (bytes) snapshot=613732352
		Virtual memory (bytes) snapshot=5522739200
		Total committed heap usage (bytes)=421527552
		Peak Map Physical memory (bytes)=346972160
		Peak Map Virtual memory (bytes)=2756911104
		Peak Reduce Physical memory (bytes)=266760192
		Peak Reduce Virtual memory (bytes)=2765828096
	PAGERANK
		DIFF_SCALED=87472109871
		NEXT_DANGLING_MASS_SCALED=247118487789
	Shuffle Errors
		BAD_ID=0
		CONNECTION=0
		IO_ERROR=0
		WRONG_LENGTH=0
		WRONG_MAP=0
		WRONG_REDUCE=0
	File Input Format Counters 
		Bytes Read=688721
	File Output Format Counters 
		Bytes Written=688727
[PageRankDriver]   diff = 0.087472109871, danglingSum(next) = 0.247118487789
[PageRankDriver] Vong lap 4 ...
2026-07-28 06:49:26,794 INFO client.DefaultNoHARMFailoverProxyProvider: Connecting to ResourceManager at /0.0.0.0:8032
2026-07-28 06:49:26,830 INFO mapreduce.JobResourceUploader: Disabling Erasure Coding for path: /tmp/hadoop-yarn/staging/minhminh/.staging/job_1785056191449_0096
2026-07-28 06:49:26,862 INFO input.FileInputFormat: Total input files to process : 1
2026-07-28 06:49:26,892 INFO mapreduce.JobSubmitter: number of splits:1
2026-07-28 06:49:26,920 INFO mapreduce.JobSubmitter: Submitting tokens for job: job_1785056191449_0096
2026-07-28 06:49:26,920 INFO mapreduce.JobSubmitter: Executing with tokens: []
2026-07-28 06:49:26,966 INFO impl.YarnClientImpl: Submitted application application_1785056191449_0096
2026-07-28 06:49:26,971 INFO mapreduce.Job: The url to track the job: http://LAPTOP-NCFUBPE4.localdomain:8088/proxy/application_1785056191449_0096/
2026-07-28 06:49:26,971 INFO mapreduce.Job: Running job: job_1785056191449_0096
2026-07-28 06:49:37,080 INFO mapreduce.Job: Job job_1785056191449_0096 running in uber mode : false
2026-07-28 06:49:37,080 INFO mapreduce.Job:  map 0% reduce 0%
2026-07-28 06:49:41,111 INFO mapreduce.Job:  map 100% reduce 0%
2026-07-28 06:49:46,137 INFO mapreduce.Job:  map 100% reduce 100%
2026-07-28 06:49:46,146 INFO mapreduce.Job: Job job_1785056191449_0096 completed successfully
2026-07-28 06:49:46,168 INFO mapreduce.Job: Counters: 56
	File System Counters
		FILE: Number of bytes read=3739145
		FILE: Number of bytes written=8032193
		FILE: Number of read operations=0
		FILE: Number of large read operations=0
		FILE: Number of write operations=0
		HDFS: Number of bytes read=688857
		HDFS: Number of bytes written=683944
		HDFS: Number of read operations=8
		HDFS: Number of large read operations=0
		HDFS: Number of write operations=2
		HDFS: Number of bytes read erasure-coded=0
	Job Counters 
		Launched map tasks=1
		Launched reduce tasks=1
		Data-local map tasks=1
		Total time spent by all maps in occupied slots (ms)=2015
		Total time spent by all reduces in occupied slots (ms)=1988
		Total time spent by all map tasks (ms)=2015
		Total time spent by all reduce tasks (ms)=1988
		Total vcore-milliseconds taken by all map tasks=2015
		Total vcore-milliseconds taken by all reduce tasks=1988
		Total megabyte-milliseconds taken by all map tasks=2063360
		Total megabyte-milliseconds taken by all reduce tasks=2035712
	Map-Reduce Framework
		Map input records=7115
		Map output records=110804
		Map output bytes=3515919
		Map output materialized bytes=3739145
		Input split bytes=130
		Combine input records=0
		Combine output records=0
		Reduce input groups=7115
		Reduce shuffle bytes=3739145
		Reduce input records=110804
		Reduce output records=7115
		Spilled Records=221608
		Shuffled Maps =1
		Failed Shuffles=0
		Merged Map outputs=1
		GC time elapsed (ms)=48
		CPU time spent (ms)=3220
		Physical memory (bytes) snapshot=617197568
		Virtual memory (bytes) snapshot=5537390592
		Total committed heap usage (bytes)=387973120
		Peak Map Physical memory (bytes)=339103744
		Peak Map Virtual memory (bytes)=2765250560
		Peak Reduce Physical memory (bytes)=278093824
		Peak Reduce Virtual memory (bytes)=2772140032
	PAGERANK
		DIFF_SCALED=22528797452
		NEXT_DANGLING_MASS_SCALED=246142192863
	Shuffle Errors
		BAD_ID=0
		CONNECTION=0
		IO_ERROR=0
		WRONG_LENGTH=0
		WRONG_MAP=0
		WRONG_REDUCE=0
	File Input Format Counters 
		Bytes Read=688727
	File Output Format Counters 
		Bytes Written=683944
[PageRankDriver]   diff = 0.022528797452, danglingSum(next) = 0.246142192863
[PageRankDriver] Vong lap 5 ...
2026-07-28 06:49:46,185 INFO client.DefaultNoHARMFailoverProxyProvider: Connecting to ResourceManager at /0.0.0.0:8032
2026-07-28 06:49:46,223 INFO mapreduce.JobResourceUploader: Disabling Erasure Coding for path: /tmp/hadoop-yarn/staging/minhminh/.staging/job_1785056191449_0097
2026-07-28 06:49:46,259 INFO input.FileInputFormat: Total input files to process : 1
2026-07-28 06:49:46,699 INFO mapreduce.JobSubmitter: number of splits:1
2026-07-28 06:49:46,723 INFO mapreduce.JobSubmitter: Submitting tokens for job: job_1785056191449_0097
2026-07-28 06:49:46,723 INFO mapreduce.JobSubmitter: Executing with tokens: []
2026-07-28 06:49:46,745 INFO impl.YarnClientImpl: Submitted application application_1785056191449_0097
2026-07-28 06:49:46,750 INFO mapreduce.Job: The url to track the job: http://LAPTOP-NCFUBPE4.localdomain:8088/proxy/application_1785056191449_0097/
2026-07-28 06:49:46,750 INFO mapreduce.Job: Running job: job_1785056191449_0097
2026-07-28 06:49:59,446 INFO mapreduce.Job: Job job_1785056191449_0097 running in uber mode : false
2026-07-28 06:49:59,446 INFO mapreduce.Job:  map 0% reduce 0%
2026-07-28 06:50:03,468 INFO mapreduce.Job:  map 100% reduce 0%
2026-07-28 06:50:08,496 INFO mapreduce.Job:  map 100% reduce 100%
2026-07-28 06:50:08,503 INFO mapreduce.Job: Job job_1785056191449_0097 completed successfully
2026-07-28 06:50:08,525 INFO mapreduce.Job: Counters: 56
	File System Counters
		FILE: Number of bytes read=3726666
		FILE: Number of bytes written=8007235
		FILE: Number of read operations=0
		FILE: Number of large read operations=0
		FILE: Number of write operations=0
		HDFS: Number of bytes read=684074
		HDFS: Number of bytes written=688740
		HDFS: Number of read operations=8
		HDFS: Number of large read operations=0
		HDFS: Number of write operations=2
		HDFS: Number of bytes read erasure-coded=0
	Job Counters 
		Launched map tasks=1
		Launched reduce tasks=1
		Data-local map tasks=1
		Total time spent by all maps in occupied slots (ms)=1901
		Total time spent by all reduces in occupied slots (ms)=1938
		Total time spent by all map tasks (ms)=1901
		Total time spent by all reduce tasks (ms)=1938
		Total vcore-milliseconds taken by all map tasks=1901
		Total vcore-milliseconds taken by all reduce tasks=1938
		Total megabyte-milliseconds taken by all map tasks=1946624
		Total megabyte-milliseconds taken by all reduce tasks=1984512
	Map-Reduce Framework
		Map input records=7115
		Map output records=110804
		Map output bytes=3503445
		Map output materialized bytes=3726666
		Input split bytes=130
		Combine input records=0
		Combine output records=0
		Reduce input groups=7115
		Reduce shuffle bytes=3726666
		Reduce input records=110804
		Reduce output records=7115
		Spilled Records=221608
		Shuffled Maps =1
		Failed Shuffles=0
		Merged Map outputs=1
		GC time elapsed (ms)=52
		CPU time spent (ms)=3350
		Physical memory (bytes) snapshot=611901440
		Virtual memory (bytes) snapshot=5558173696
		Total committed heap usage (bytes)=413138944
		Peak Map Physical memory (bytes)=340578304
		Peak Map Virtual memory (bytes)=2758860800
		Peak Reduce Physical memory (bytes)=271323136
		Peak Reduce Virtual memory (bytes)=2799312896
	PAGERANK
		DIFF_SCALED=5930344179
		NEXT_DANGLING_MASS_SCALED=246206216005
	Shuffle Errors
		BAD_ID=0
		CONNECTION=0
		IO_ERROR=0
		WRONG_LENGTH=0
		WRONG_MAP=0
		WRONG_REDUCE=0
	File Input Format Counters 
		Bytes Read=683944
	File Output Format Counters 
		Bytes Written=688740
[PageRankDriver]   diff = 0.005930344179, danglingSum(next) = 0.246206216005
[PageRankDriver] Vong lap 6 ...
2026-07-28 06:50:08,540 INFO client.DefaultNoHARMFailoverProxyProvider: Connecting to ResourceManager at /0.0.0.0:8032
2026-07-28 06:50:08,683 INFO mapreduce.JobResourceUploader: Disabling Erasure Coding for path: /tmp/hadoop-yarn/staging/minhminh/.staging/job_1785056191449_0098
2026-07-28 06:50:09,119 INFO input.FileInputFormat: Total input files to process : 1
2026-07-28 06:50:09,152 INFO mapreduce.JobSubmitter: number of splits:1
2026-07-28 06:50:09,174 INFO mapreduce.JobSubmitter: Submitting tokens for job: job_1785056191449_0098
2026-07-28 06:50:09,174 INFO mapreduce.JobSubmitter: Executing with tokens: []
2026-07-28 06:50:09,195 INFO impl.YarnClientImpl: Submitted application application_1785056191449_0098
2026-07-28 06:50:09,200 INFO mapreduce.Job: The url to track the job: http://LAPTOP-NCFUBPE4.localdomain:8088/proxy/application_1785056191449_0098/
2026-07-28 06:50:09,200 INFO mapreduce.Job: Running job: job_1785056191449_0098
2026-07-28 06:50:19,289 INFO mapreduce.Job: Job job_1785056191449_0098 running in uber mode : false
2026-07-28 06:50:19,289 INFO mapreduce.Job:  map 0% reduce 0%
2026-07-28 06:50:26,943 INFO mapreduce.Job:  map 100% reduce 0%
2026-07-28 06:50:30,967 INFO mapreduce.Job:  map 100% reduce 100%
2026-07-28 06:50:30,974 INFO mapreduce.Job: Job job_1785056191449_0098 completed successfully
2026-07-28 06:50:30,996 INFO mapreduce.Job: Counters: 56
	File System Counters
		FILE: Number of bytes read=3739665
		FILE: Number of bytes written=8033233
		FILE: Number of read operations=0
		FILE: Number of large read operations=0
		FILE: Number of write operations=0
		HDFS: Number of bytes read=688870
		HDFS: Number of bytes written=688743
		HDFS: Number of read operations=8
		HDFS: Number of large read operations=0
		HDFS: Number of write operations=2
		HDFS: Number of bytes read erasure-coded=0
	Job Counters 
		Launched map tasks=1
		Launched reduce tasks=1
		Data-local map tasks=1
		Total time spent by all maps in occupied slots (ms)=4892
		Total time spent by all reduces in occupied slots (ms)=1841
		Total time spent by all map tasks (ms)=4892
		Total time spent by all reduce tasks (ms)=1841
		Total vcore-milliseconds taken by all map tasks=4892
		Total vcore-milliseconds taken by all reduce tasks=1841
		Total megabyte-milliseconds taken by all map tasks=5009408
		Total megabyte-milliseconds taken by all reduce tasks=1885184
	Map-Reduce Framework
		Map input records=7115
		Map output records=110804
		Map output bytes=3516438
		Map output materialized bytes=3739665
		Input split bytes=130
		Combine input records=0
		Combine output records=0
		Reduce input groups=7115
		Reduce shuffle bytes=3739665
		Reduce input records=110804
		Reduce output records=7115
		Spilled Records=221608
		Shuffled Maps =1
		Failed Shuffles=0
		Merged Map outputs=1
		GC time elapsed (ms)=61
		CPU time spent (ms)=2770
		Physical memory (bytes) snapshot=565051392
		Virtual memory (bytes) snapshot=5511680000
		Total committed heap usage (bytes)=404750336
		Peak Map Physical memory (bytes)=338464768
		Peak Map Virtual memory (bytes)=2756644864
		Peak Reduce Physical memory (bytes)=226586624
		Peak Reduce Virtual memory (bytes)=2755035136
	PAGERANK
		DIFF_SCALED=1686866494
		NEXT_DANGLING_MASS_SCALED=246160419578
	Shuffle Errors
		BAD_ID=0
		CONNECTION=0
		IO_ERROR=0
		WRONG_LENGTH=0
		WRONG_MAP=0
		WRONG_REDUCE=0
	File Input Format Counters 
		Bytes Read=688740
	File Output Format Counters 
		Bytes Written=688743
[PageRankDriver]   diff = 0.001686866494, danglingSum(next) = 0.246160419578
[PageRankDriver] Vong lap 7 ...
2026-07-28 06:50:31,010 INFO client.DefaultNoHARMFailoverProxyProvider: Connecting to ResourceManager at /0.0.0.0:8032
2026-07-28 06:50:31,038 INFO mapreduce.JobResourceUploader: Disabling Erasure Coding for path: /tmp/hadoop-yarn/staging/minhminh/.staging/job_1785056191449_0099
2026-07-28 06:50:31,066 INFO input.FileInputFormat: Total input files to process : 1
2026-07-28 06:50:31,099 INFO mapreduce.JobSubmitter: number of splits:1
2026-07-28 06:50:31,121 INFO mapreduce.JobSubmitter: Submitting tokens for job: job_1785056191449_0099
2026-07-28 06:50:31,121 INFO mapreduce.JobSubmitter: Executing with tokens: []
2026-07-28 06:50:31,139 INFO impl.YarnClientImpl: Submitted application application_1785056191449_0099
2026-07-28 06:50:31,145 INFO mapreduce.Job: The url to track the job: http://LAPTOP-NCFUBPE4.localdomain:8088/proxy/application_1785056191449_0099/
2026-07-28 06:50:31,145 INFO mapreduce.Job: Running job: job_1785056191449_0099
2026-07-28 06:50:41,231 INFO mapreduce.Job: Job job_1785056191449_0099 running in uber mode : false
2026-07-28 06:50:41,232 INFO mapreduce.Job:  map 0% reduce 0%
2026-07-28 06:50:45,256 INFO mapreduce.Job:  map 100% reduce 0%
2026-07-28 06:50:50,281 INFO mapreduce.Job:  map 100% reduce 100%
2026-07-28 06:50:50,289 INFO mapreduce.Job: Job job_1785056191449_0099 completed successfully
2026-07-28 06:50:50,304 INFO mapreduce.Job: Counters: 56
	File System Counters
		FILE: Number of bytes read=3740729
		FILE: Number of bytes written=8035361
		FILE: Number of read operations=0
		FILE: Number of large read operations=0
		FILE: Number of write operations=0
		HDFS: Number of bytes read=688873
		HDFS: Number of bytes written=688747
		HDFS: Number of read operations=8
		HDFS: Number of large read operations=0
		HDFS: Number of write operations=2
		HDFS: Number of bytes read erasure-coded=0
	Job Counters 
		Launched map tasks=1
		Launched reduce tasks=1
		Data-local map tasks=1
		Total time spent by all maps in occupied slots (ms)=1990
		Total time spent by all reduces in occupied slots (ms)=1898
		Total time spent by all map tasks (ms)=1990
		Total time spent by all reduce tasks (ms)=1898
		Total vcore-milliseconds taken by all map tasks=1990
		Total vcore-milliseconds taken by all reduce tasks=1898
		Total megabyte-milliseconds taken by all map tasks=2037760
		Total megabyte-milliseconds taken by all reduce tasks=1943552
	Map-Reduce Framework
		Map input records=7115
		Map output records=110804
		Map output bytes=3517502
		Map output materialized bytes=3740729
		Input split bytes=130
		Combine input records=0
		Combine output records=0
		Reduce input groups=7115
		Reduce shuffle bytes=3740729
		Reduce input records=110804
		Reduce output records=7115
		Spilled Records=221608
		Shuffled Maps =1
		Failed Shuffles=0
		Merged Map outputs=1
		GC time elapsed (ms)=46
		CPU time spent (ms)=2890
		Physical memory (bytes) snapshot=602705920
		Virtual memory (bytes) snapshot=5544202240
		Total committed heap usage (bytes)=387973120
		Peak Map Physical memory (bytes)=332083200
		Peak Map Virtual memory (bytes)=2774634496
		Peak Reduce Physical memory (bytes)=270622720
		Peak Reduce Virtual memory (bytes)=2769567744
	PAGERANK
		DIFF_SCALED=618816279
		NEXT_DANGLING_MASS_SCALED=246153189454
	Shuffle Errors
		BAD_ID=0
		CONNECTION=0
		IO_ERROR=0
		WRONG_LENGTH=0
		WRONG_MAP=0
		WRONG_REDUCE=0
	File Input Format Counters 
		Bytes Read=688743
	File Output Format Counters 
		Bytes Written=688747
[PageRankDriver]   diff = 6.18816279E-4, danglingSum(next) = 0.246153189454
[PageRankDriver] Vong lap 8 ...
2026-07-28 06:50:50,318 INFO client.DefaultNoHARMFailoverProxyProvider: Connecting to ResourceManager at /0.0.0.0:8032
2026-07-28 06:50:50,379 INFO mapreduce.JobResourceUploader: Disabling Erasure Coding for path: /tmp/hadoop-yarn/staging/minhminh/.staging/job_1785056191449_0100
2026-07-28 06:50:50,814 INFO input.FileInputFormat: Total input files to process : 1
2026-07-28 06:50:51,251 INFO mapreduce.JobSubmitter: number of splits:1
2026-07-28 06:50:51,680 INFO mapreduce.JobSubmitter: Submitting tokens for job: job_1785056191449_0100
2026-07-28 06:50:51,680 INFO mapreduce.JobSubmitter: Executing with tokens: []
2026-07-28 06:50:51,701 INFO impl.YarnClientImpl: Submitted application application_1785056191449_0100
2026-07-28 06:50:51,707 INFO mapreduce.Job: The url to track the job: http://LAPTOP-NCFUBPE4.localdomain:8088/proxy/application_1785056191449_0100/
2026-07-28 06:50:51,707 INFO mapreduce.Job: Running job: job_1785056191449_0100
2026-07-28 06:51:03,403 INFO mapreduce.Job: Job job_1785056191449_0100 running in uber mode : false
2026-07-28 06:51:03,403 INFO mapreduce.Job:  map 0% reduce 0%
2026-07-28 06:51:07,427 INFO mapreduce.Job:  map 100% reduce 0%
2026-07-28 06:51:12,450 INFO mapreduce.Job:  map 100% reduce 100%
2026-07-28 06:51:12,457 INFO mapreduce.Job: Job job_1785056191449_0100 completed successfully
2026-07-28 06:51:12,474 INFO mapreduce.Job: Counters: 56
	File System Counters
		FILE: Number of bytes read=3744707
		FILE: Number of bytes written=8043317
		FILE: Number of read operations=0
		FILE: Number of large read operations=0
		FILE: Number of write operations=0
		HDFS: Number of bytes read=688877
		HDFS: Number of bytes written=688743
		HDFS: Number of read operations=8
		HDFS: Number of large read operations=0
		HDFS: Number of write operations=2
		HDFS: Number of bytes read erasure-coded=0
	Job Counters 
		Launched map tasks=1
		Launched reduce tasks=1
		Data-local map tasks=1
		Total time spent by all maps in occupied slots (ms)=1942
		Total time spent by all reduces in occupied slots (ms)=1869
		Total time spent by all map tasks (ms)=1942
		Total time spent by all reduce tasks (ms)=1869
		Total vcore-milliseconds taken by all map tasks=1942
		Total vcore-milliseconds taken by all reduce tasks=1869
		Total megabyte-milliseconds taken by all map tasks=1988608
		Total megabyte-milliseconds taken by all reduce tasks=1913856
	Map-Reduce Framework
		Map input records=7115
		Map output records=110804
		Map output bytes=3521480
		Map output materialized bytes=3744707
		Input split bytes=130
		Combine input records=0
		Combine output records=0
		Reduce input groups=7115
		Reduce shuffle bytes=3744707
		Reduce input records=110804
		Reduce output records=7115
		Spilled Records=221608
		Shuffled Maps =1
		Failed Shuffles=0
		Merged Map outputs=1
		GC time elapsed (ms)=49
		CPU time spent (ms)=2880
		Physical memory (bytes) snapshot=598212608
		Virtual memory (bytes) snapshot=5539233792
		Total committed heap usage (bytes)=361758720
		Peak Map Physical memory (bytes)=338518016
		Peak Map Virtual memory (bytes)=2764849152
		Peak Reduce Physical memory (bytes)=259694592
		Peak Reduce Virtual memory (bytes)=2774384640
	PAGERANK
		DIFF_SCALED=267178632
		NEXT_DANGLING_MASS_SCALED=246148801841
	Shuffle Errors
		BAD_ID=0
		CONNECTION=0
		IO_ERROR=0
		WRONG_LENGTH=0
		WRONG_MAP=0
		WRONG_REDUCE=0
	File Input Format Counters 
		Bytes Read=688747
	File Output Format Counters 
		Bytes Written=688743
[PageRankDriver]   diff = 2.67178632E-4, danglingSum(next) = 0.246148801841
[PageRankDriver] Vong lap 9 ...
2026-07-28 06:51:12,491 INFO client.DefaultNoHARMFailoverProxyProvider: Connecting to ResourceManager at /0.0.0.0:8032
2026-07-28 06:51:12,515 INFO mapreduce.JobResourceUploader: Disabling Erasure Coding for path: /tmp/hadoop-yarn/staging/minhminh/.staging/job_1785056191449_0101
2026-07-28 06:51:12,548 INFO input.FileInputFormat: Total input files to process : 1
2026-07-28 06:51:12,579 INFO mapreduce.JobSubmitter: number of splits:1
2026-07-28 06:51:12,598 INFO mapreduce.JobSubmitter: Submitting tokens for job: job_1785056191449_0101
2026-07-28 06:51:12,598 INFO mapreduce.JobSubmitter: Executing with tokens: []
2026-07-28 06:51:12,621 INFO impl.YarnClientImpl: Submitted application application_1785056191449_0101
2026-07-28 06:51:12,624 INFO mapreduce.Job: The url to track the job: http://LAPTOP-NCFUBPE4.localdomain:8088/proxy/application_1785056191449_0101/
2026-07-28 06:51:12,624 INFO mapreduce.Job: Running job: job_1785056191449_0101
2026-07-28 06:51:22,696 INFO mapreduce.Job: Job job_1785056191449_0101 running in uber mode : false
2026-07-28 06:51:22,696 INFO mapreduce.Job:  map 0% reduce 0%
2026-07-28 06:51:29,299 INFO mapreduce.Job:  map 100% reduce 0%
2026-07-28 06:51:34,324 INFO mapreduce.Job:  map 100% reduce 100%
2026-07-28 06:51:34,332 INFO mapreduce.Job: Job job_1785056191449_0101 completed successfully
2026-07-28 06:51:34,347 INFO mapreduce.Job: Counters: 56
	File System Counters
		FILE: Number of bytes read=3737129
		FILE: Number of bytes written=8028161
		FILE: Number of read operations=0
		FILE: Number of large read operations=0
		FILE: Number of write operations=0
		HDFS: Number of bytes read=688873
		HDFS: Number of bytes written=688690
		HDFS: Number of read operations=8
		HDFS: Number of large read operations=0
		HDFS: Number of write operations=2
		HDFS: Number of bytes read erasure-coded=0
	Job Counters 
		Launched map tasks=1
		Launched reduce tasks=1
		Data-local map tasks=1
		Total time spent by all maps in occupied slots (ms)=1883
		Total time spent by all reduces in occupied slots (ms)=1851
		Total time spent by all map tasks (ms)=1883
		Total time spent by all reduce tasks (ms)=1851
		Total vcore-milliseconds taken by all map tasks=1883
		Total vcore-milliseconds taken by all reduce tasks=1851
		Total megabyte-milliseconds taken by all map tasks=1928192
		Total megabyte-milliseconds taken by all reduce tasks=1895424
	Map-Reduce Framework
		Map input records=7115
		Map output records=110804
		Map output bytes=3513903
		Map output materialized bytes=3737129
		Input split bytes=130
		Combine input records=0
		Combine output records=0
		Reduce input groups=7115
		Reduce shuffle bytes=3737129
		Reduce input records=110804
		Reduce output records=7115
		Spilled Records=221608
		Shuffled Maps =1
		Failed Shuffles=0
		Merged Map outputs=1
		GC time elapsed (ms)=45
		CPU time spent (ms)=2990
		Physical memory (bytes) snapshot=592412672
		Virtual memory (bytes) snapshot=5540872192
		Total committed heap usage (bytes)=387973120
		Peak Map Physical memory (bytes)=343171072
		Peak Map Virtual memory (bytes)=2775490560
		Peak Reduce Physical memory (bytes)=249241600
		Peak Reduce Virtual memory (bytes)=2765381632
	PAGERANK
		DIFF_SCALED=122852944
		NEXT_DANGLING_MASS_SCALED=246147683161
	Shuffle Errors
		BAD_ID=0
		CONNECTION=0
		IO_ERROR=0
		WRONG_LENGTH=0
		WRONG_MAP=0
		WRONG_REDUCE=0
	File Input Format Counters 
		Bytes Read=688743
	File Output Format Counters 
		Bytes Written=688690
[PageRankDriver]   diff = 1.22852944E-4, danglingSum(next) = 0.246147683161
[PageRankDriver] Vong lap 10 ...
2026-07-28 06:51:34,364 INFO client.DefaultNoHARMFailoverProxyProvider: Connecting to ResourceManager at /0.0.0.0:8032
2026-07-28 06:51:34,398 INFO mapreduce.JobResourceUploader: Disabling Erasure Coding for path: /tmp/hadoop-yarn/staging/minhminh/.staging/job_1785056191449_0102
2026-07-28 06:51:34,432 INFO input.FileInputFormat: Total input files to process : 1
2026-07-28 06:51:34,465 INFO mapreduce.JobSubmitter: number of splits:1
2026-07-28 06:51:34,492 INFO mapreduce.JobSubmitter: Submitting tokens for job: job_1785056191449_0102
2026-07-28 06:51:34,492 INFO mapreduce.JobSubmitter: Executing with tokens: []
2026-07-28 06:51:34,510 INFO impl.YarnClientImpl: Submitted application application_1785056191449_0102
2026-07-28 06:51:34,513 INFO mapreduce.Job: The url to track the job: http://LAPTOP-NCFUBPE4.localdomain:8088/proxy/application_1785056191449_0102/
2026-07-28 06:51:34,513 INFO mapreduce.Job: Running job: job_1785056191449_0102
2026-07-28 06:51:44,592 INFO mapreduce.Job: Job job_1785056191449_0102 running in uber mode : false
2026-07-28 06:51:44,592 INFO mapreduce.Job:  map 0% reduce 0%
2026-07-28 06:51:48,616 INFO mapreduce.Job:  map 100% reduce 0%
2026-07-28 06:51:53,637 INFO mapreduce.Job:  map 100% reduce 100%
2026-07-28 06:51:53,643 INFO mapreduce.Job: Job job_1785056191449_0102 completed successfully
2026-07-28 06:51:53,657 INFO mapreduce.Job: Counters: 56
	File System Counters
		FILE: Number of bytes read=3738406
		FILE: Number of bytes written=8030717
		FILE: Number of read operations=0
		FILE: Number of large read operations=0
		FILE: Number of write operations=0
		HDFS: Number of bytes read=688820
		HDFS: Number of bytes written=693456
		HDFS: Number of read operations=8
		HDFS: Number of large read operations=0
		HDFS: Number of write operations=2
		HDFS: Number of bytes read erasure-coded=0
	Job Counters 
		Launched map tasks=1
		Launched reduce tasks=1
		Data-local map tasks=1
		Total time spent by all maps in occupied slots (ms)=1930
		Total time spent by all reduces in occupied slots (ms)=1817
		Total time spent by all map tasks (ms)=1930
		Total time spent by all reduce tasks (ms)=1817
		Total vcore-milliseconds taken by all map tasks=1930
		Total vcore-milliseconds taken by all reduce tasks=1817
		Total megabyte-milliseconds taken by all map tasks=1976320
		Total megabyte-milliseconds taken by all reduce tasks=1860608
	Map-Reduce Framework
		Map input records=7115
		Map output records=110804
		Map output bytes=3515180
		Map output materialized bytes=3738406
		Input split bytes=130
		Combine input records=0
		Combine output records=0
		Reduce input groups=7115
		Reduce shuffle bytes=3738406
		Reduce input records=110804
		Reduce output records=7115
		Spilled Records=221608
		Shuffled Maps =1
		Failed Shuffles=0
		Merged Map outputs=1
		GC time elapsed (ms)=43
		CPU time spent (ms)=3110
		Physical memory (bytes) snapshot=595877888
		Virtual memory (bytes) snapshot=5528350720
		Total committed heap usage (bytes)=387973120
		Peak Map Physical memory (bytes)=332767232
		Peak Map Virtual memory (bytes)=2760347648
		Peak Reduce Physical memory (bytes)=263110656
		Peak Reduce Virtual memory (bytes)=2768003072
	PAGERANK
		DIFF_SCALED=59904782
		NEXT_DANGLING_MASS_SCALED=246147122744
	Shuffle Errors
		BAD_ID=0
		CONNECTION=0
		IO_ERROR=0
		WRONG_LENGTH=0
		WRONG_MAP=0
		WRONG_REDUCE=0
	File Input Format Counters 
		Bytes Read=688690
	File Output Format Counters 
		Bytes Written=693456
[PageRankDriver]   diff = 5.9904782E-5, danglingSum(next) = 0.246147122744
[PageRankDriver] Vong lap 11 ...
2026-07-28 06:51:53,681 INFO client.DefaultNoHARMFailoverProxyProvider: Connecting to ResourceManager at /0.0.0.0:8032
2026-07-28 06:51:53,736 INFO mapreduce.JobResourceUploader: Disabling Erasure Coding for path: /tmp/hadoop-yarn/staging/minhminh/.staging/job_1785056191449_0103
2026-07-28 06:51:53,764 INFO input.FileInputFormat: Total input files to process : 1
2026-07-28 06:51:53,796 INFO mapreduce.JobSubmitter: number of splits:1
2026-07-28 06:51:53,821 INFO mapreduce.JobSubmitter: Submitting tokens for job: job_1785056191449_0103
2026-07-28 06:51:53,821 INFO mapreduce.JobSubmitter: Executing with tokens: []
2026-07-28 06:51:53,846 INFO impl.YarnClientImpl: Submitted application application_1785056191449_0103
2026-07-28 06:51:53,906 INFO mapreduce.Job: The url to track the job: http://LAPTOP-NCFUBPE4.localdomain:8088/proxy/application_1785056191449_0103/
2026-07-28 06:51:53,906 INFO mapreduce.Job: Running job: job_1785056191449_0103
2026-07-28 06:52:06,543 INFO mapreduce.Job: Job job_1785056191449_0103 running in uber mode : false
2026-07-28 06:52:06,543 INFO mapreduce.Job:  map 0% reduce 0%
2026-07-28 06:52:11,577 INFO mapreduce.Job:  map 100% reduce 0%
2026-07-28 06:52:15,595 INFO mapreduce.Job:  map 100% reduce 100%
2026-07-28 06:52:15,603 INFO mapreduce.Job: Job job_1785056191449_0103 completed successfully
2026-07-28 06:52:15,618 INFO mapreduce.Job: Counters: 56
	File System Counters
		FILE: Number of bytes read=3752988
		FILE: Number of bytes written=8059883
		FILE: Number of read operations=0
		FILE: Number of large read operations=0
		FILE: Number of write operations=0
		HDFS: Number of bytes read=693587
		HDFS: Number of bytes written=688745
		HDFS: Number of read operations=8
		HDFS: Number of large read operations=0
		HDFS: Number of write operations=2
		HDFS: Number of bytes read erasure-coded=0
	Job Counters 
		Launched map tasks=1
		Launched reduce tasks=1
		Data-local map tasks=1
		Total time spent by all maps in occupied slots (ms)=2531
		Total time spent by all reduces in occupied slots (ms)=1767
		Total time spent by all map tasks (ms)=2531
		Total time spent by all reduce tasks (ms)=1767
		Total vcore-milliseconds taken by all map tasks=2531
		Total vcore-milliseconds taken by all reduce tasks=1767
		Total megabyte-milliseconds taken by all map tasks=2591744
		Total megabyte-milliseconds taken by all reduce tasks=1809408
	Map-Reduce Framework
		Map input records=7115
		Map output records=110804
		Map output bytes=3529752
		Map output materialized bytes=3752988
		Input split bytes=131
		Combine input records=0
		Combine output records=0
		Reduce input groups=7115
		Reduce shuffle bytes=3752988
		Reduce input records=110804
		Reduce output records=7115
		Spilled Records=221608
		Shuffled Maps =1
		Failed Shuffles=0
		Merged Map outputs=1
		GC time elapsed (ms)=55
		CPU time spent (ms)=3480
		Physical memory (bytes) snapshot=626167808
		Virtual memory (bytes) snapshot=5538881536
		Total committed heap usage (bytes)=421527552
		Peak Map Physical memory (bytes)=341532672
		Peak Map Virtual memory (bytes)=2760556544
		Peak Reduce Physical memory (bytes)=284635136
		Peak Reduce Virtual memory (bytes)=2778324992
	PAGERANK
		DIFF_SCALED=28523309
		NEXT_DANGLING_MASS_SCALED=246146886236
	Shuffle Errors
		BAD_ID=0
		CONNECTION=0
		IO_ERROR=0
		WRONG_LENGTH=0
		WRONG_MAP=0
		WRONG_REDUCE=0
	File Input Format Counters 
		Bytes Read=693456
	File Output Format Counters 
		Bytes Written=688745
[PageRankDriver]   diff = 2.8523309E-5, danglingSum(next) = 0.246146886236
[PageRankDriver] Vong lap 12 ...
2026-07-28 06:52:15,644 INFO client.DefaultNoHARMFailoverProxyProvider: Connecting to ResourceManager at /0.0.0.0:8032
2026-07-28 06:52:15,667 INFO mapreduce.JobResourceUploader: Disabling Erasure Coding for path: /tmp/hadoop-yarn/staging/minhminh/.staging/job_1785056191449_0104
2026-07-28 06:52:15,699 INFO input.FileInputFormat: Total input files to process : 1
2026-07-28 06:52:16,137 INFO mapreduce.JobSubmitter: number of splits:1
2026-07-28 06:52:16,194 INFO mapreduce.JobSubmitter: Submitting tokens for job: job_1785056191449_0104
2026-07-28 06:52:16,194 INFO mapreduce.JobSubmitter: Executing with tokens: []
2026-07-28 06:52:16,214 INFO impl.YarnClientImpl: Submitted application application_1785056191449_0104
2026-07-28 06:52:16,219 INFO mapreduce.Job: The url to track the job: http://LAPTOP-NCFUBPE4.localdomain:8088/proxy/application_1785056191449_0104/
2026-07-28 06:52:16,219 INFO mapreduce.Job: Running job: job_1785056191449_0104
2026-07-28 06:52:25,292 INFO mapreduce.Job: Job job_1785056191449_0104 running in uber mode : false
2026-07-28 06:52:25,292 INFO mapreduce.Job:  map 0% reduce 0%
2026-07-28 06:52:30,321 INFO mapreduce.Job:  map 100% reduce 0%
2026-07-28 06:52:36,964 INFO mapreduce.Job:  map 100% reduce 100%
2026-07-28 06:52:36,970 INFO mapreduce.Job: Job job_1785056191449_0104 completed successfully
2026-07-28 06:52:36,984 INFO mapreduce.Job: Counters: 56
	File System Counters
		FILE: Number of bytes read=3739724
		FILE: Number of bytes written=8033355
		FILE: Number of read operations=0
		FILE: Number of large read operations=0
		FILE: Number of write operations=0
		HDFS: Number of bytes read=688876
		HDFS: Number of bytes written=693496
		HDFS: Number of read operations=8
		HDFS: Number of large read operations=0
		HDFS: Number of write operations=2
		HDFS: Number of bytes read erasure-coded=0
	Job Counters 
		Launched map tasks=1
		Launched reduce tasks=1
		Data-local map tasks=1
		Total time spent by all maps in occupied slots (ms)=2022
		Total time spent by all reduces in occupied slots (ms)=1833
		Total time spent by all map tasks (ms)=2022
		Total time spent by all reduce tasks (ms)=1833
		Total vcore-milliseconds taken by all map tasks=2022
		Total vcore-milliseconds taken by all reduce tasks=1833
		Total megabyte-milliseconds taken by all map tasks=2070528
		Total megabyte-milliseconds taken by all reduce tasks=1876992
	Map-Reduce Framework
		Map input records=7115
		Map output records=110804
		Map output bytes=3516498
		Map output materialized bytes=3739724
		Input split bytes=131
		Combine input records=0
		Combine output records=0
		Reduce input groups=7115
		Reduce shuffle bytes=3739724
		Reduce input records=110804
		Reduce output records=7115
		Spilled Records=221608
		Shuffled Maps =1
		Failed Shuffles=0
		Merged Map outputs=1
		GC time elapsed (ms)=47
		CPU time spent (ms)=3090
		Physical memory (bytes) snapshot=619212800
		Virtual memory (bytes) snapshot=5532196864
		Total committed heap usage (bytes)=416284672
		Peak Map Physical memory (bytes)=341630976
		Peak Map Virtual memory (bytes)=2758217728
		Peak Reduce Physical memory (bytes)=277581824
		Peak Reduce Virtual memory (bytes)=2773979136
	PAGERANK
		DIFF_SCALED=14087205
		NEXT_DANGLING_MASS_SCALED=246146860847
	Shuffle Errors
		BAD_ID=0
		CONNECTION=0
		IO_ERROR=0
		WRONG_LENGTH=0
		WRONG_MAP=0
		WRONG_REDUCE=0
	File Input Format Counters 
		Bytes Read=688745
	File Output Format Counters 
		Bytes Written=693496
[PageRankDriver]   diff = 1.4087205E-5, danglingSum(next) = 0.246146860847
[PageRankDriver] Vong lap 13 ...
2026-07-28 06:52:37,010 INFO client.DefaultNoHARMFailoverProxyProvider: Connecting to ResourceManager at /0.0.0.0:8032
2026-07-28 06:52:37,045 INFO mapreduce.JobResourceUploader: Disabling Erasure Coding for path: /tmp/hadoop-yarn/staging/minhminh/.staging/job_1785056191449_0105
2026-07-28 06:52:37,488 INFO input.FileInputFormat: Total input files to process : 1
2026-07-28 06:52:37,520 INFO mapreduce.JobSubmitter: number of splits:1
2026-07-28 06:52:37,555 INFO mapreduce.JobSubmitter: Submitting tokens for job: job_1785056191449_0105
2026-07-28 06:52:37,555 INFO mapreduce.JobSubmitter: Executing with tokens: []
2026-07-28 06:52:37,574 INFO impl.YarnClientImpl: Submitted application application_1785056191449_0105
2026-07-28 06:52:37,579 INFO mapreduce.Job: The url to track the job: http://LAPTOP-NCFUBPE4.localdomain:8088/proxy/application_1785056191449_0105/
2026-07-28 06:52:37,579 INFO mapreduce.Job: Running job: job_1785056191449_0105
2026-07-28 06:52:47,649 INFO mapreduce.Job: Job job_1785056191449_0105 running in uber mode : false
2026-07-28 06:52:47,649 INFO mapreduce.Job:  map 0% reduce 0%
2026-07-28 06:52:51,673 INFO mapreduce.Job:  map 100% reduce 0%
2026-07-28 06:52:56,696 INFO mapreduce.Job:  map 100% reduce 100%
2026-07-28 06:52:56,704 INFO mapreduce.Job: Job job_1785056191449_0105 completed successfully
2026-07-28 06:52:56,723 INFO mapreduce.Job: Counters: 56
	File System Counters
		FILE: Number of bytes read=3745261
		FILE: Number of bytes written=8044429
		FILE: Number of read operations=0
		FILE: Number of large read operations=0
		FILE: Number of write operations=0
		HDFS: Number of bytes read=693627
		HDFS: Number of bytes written=693480
		HDFS: Number of read operations=8
		HDFS: Number of large read operations=0
		HDFS: Number of write operations=2
		HDFS: Number of bytes read erasure-coded=0
	Job Counters 
		Launched map tasks=1
		Launched reduce tasks=1
		Data-local map tasks=1
		Total time spent by all maps in occupied slots (ms)=1883
		Total time spent by all reduces in occupied slots (ms)=1700
		Total time spent by all map tasks (ms)=1883
		Total time spent by all reduce tasks (ms)=1700
		Total vcore-milliseconds taken by all map tasks=1883
		Total vcore-milliseconds taken by all reduce tasks=1700
		Total megabyte-milliseconds taken by all map tasks=1928192
		Total megabyte-milliseconds taken by all reduce tasks=1740800
	Map-Reduce Framework
		Map input records=7115
		Map output records=110804
		Map output bytes=3522025
		Map output materialized bytes=3745261
		Input split bytes=131
		Combine input records=0
		Combine output records=0
		Reduce input groups=7115
		Reduce shuffle bytes=3745261
		Reduce input records=110804
		Reduce output records=7115
		Spilled Records=221608
		Shuffled Maps =1
		Failed Shuffles=0
		Merged Map outputs=1
		GC time elapsed (ms)=45
		CPU time spent (ms)=2920
		Physical memory (bytes) snapshot=621867008
		Virtual memory (bytes) snapshot=5553180672
		Total committed heap usage (bytes)=414187520
		Peak Map Physical memory (bytes)=350953472
		Peak Map Virtual memory (bytes)=2765598720
		Peak Reduce Physical memory (bytes)=270913536
		Peak Reduce Virtual memory (bytes)=2787581952
	PAGERANK
		DIFF_SCALED=6739205
		NEXT_DANGLING_MASS_SCALED=246146802448
	Shuffle Errors
		BAD_ID=0
		CONNECTION=0
		IO_ERROR=0
		WRONG_LENGTH=0
		WRONG_MAP=0
		WRONG_REDUCE=0
	File Input Format Counters 
		Bytes Read=693496
	File Output Format Counters 
		Bytes Written=693480
[PageRankDriver]   diff = 6.739205E-6, danglingSum(next) = 0.246146802448
[PageRankDriver] Vong lap 14 ...
2026-07-28 06:52:56,741 INFO client.DefaultNoHARMFailoverProxyProvider: Connecting to ResourceManager at /0.0.0.0:8032
2026-07-28 06:52:56,771 INFO mapreduce.JobResourceUploader: Disabling Erasure Coding for path: /tmp/hadoop-yarn/staging/minhminh/.staging/job_1785056191449_0106
2026-07-28 06:52:56,800 INFO input.FileInputFormat: Total input files to process : 1
2026-07-28 06:52:56,830 INFO mapreduce.JobSubmitter: number of splits:1
2026-07-28 06:52:56,858 INFO mapreduce.JobSubmitter: Submitting tokens for job: job_1785056191449_0106
2026-07-28 06:52:56,858 INFO mapreduce.JobSubmitter: Executing with tokens: []
2026-07-28 06:52:56,877 INFO impl.YarnClientImpl: Submitted application application_1785056191449_0106
2026-07-28 06:52:56,880 INFO mapreduce.Job: The url to track the job: http://LAPTOP-NCFUBPE4.localdomain:8088/proxy/application_1785056191449_0106/
2026-07-28 06:52:56,880 INFO mapreduce.Job: Running job: job_1785056191449_0106
2026-07-28 06:53:09,578 INFO mapreduce.Job: Job job_1785056191449_0106 running in uber mode : false
2026-07-28 06:53:09,578 INFO mapreduce.Job:  map 0% reduce 0%
2026-07-28 06:53:13,602 INFO mapreduce.Job:  map 100% reduce 0%
2026-07-28 06:53:18,628 INFO mapreduce.Job:  map 100% reduce 100%
2026-07-28 06:53:18,635 INFO mapreduce.Job: Job job_1785056191449_0106 completed successfully
2026-07-28 06:53:18,654 INFO mapreduce.Job: Counters: 56
	File System Counters
		FILE: Number of bytes read=3744754
		FILE: Number of bytes written=8043415
		FILE: Number of read operations=0
		FILE: Number of large read operations=0
		FILE: Number of write operations=0
		HDFS: Number of bytes read=693611
		HDFS: Number of bytes written=688681
		HDFS: Number of read operations=8
		HDFS: Number of large read operations=0
		HDFS: Number of write operations=2
		HDFS: Number of bytes read erasure-coded=0
	Job Counters 
		Launched map tasks=1
		Launched reduce tasks=1
		Data-local map tasks=1
		Total time spent by all maps in occupied slots (ms)=1961
		Total time spent by all reduces in occupied slots (ms)=1746
		Total time spent by all map tasks (ms)=1961
		Total time spent by all reduce tasks (ms)=1746
		Total vcore-milliseconds taken by all map tasks=1961
		Total vcore-milliseconds taken by all reduce tasks=1746
		Total megabyte-milliseconds taken by all map tasks=2008064
		Total megabyte-milliseconds taken by all reduce tasks=1787904
	Map-Reduce Framework
		Map input records=7115
		Map output records=110804
		Map output bytes=3521519
		Map output materialized bytes=3744754
		Input split bytes=131
		Combine input records=0
		Combine output records=0
		Reduce input groups=7115
		Reduce shuffle bytes=3744754
		Reduce input records=110804
		Reduce output records=7115
		Spilled Records=221608
		Shuffled Maps =1
		Failed Shuffles=0
		Merged Map outputs=1
		GC time elapsed (ms)=49
		CPU time spent (ms)=2930
		Physical memory (bytes) snapshot=597831680
		Virtual memory (bytes) snapshot=5519040512
		Total committed heap usage (bytes)=414187520
		Peak Map Physical memory (bytes)=339591168
		Peak Map Virtual memory (bytes)=2756669440
		Peak Reduce Physical memory (bytes)=258240512
		Peak Reduce Virtual memory (bytes)=2762371072
	PAGERANK
		DIFF_SCALED=3366856
		NEXT_DANGLING_MASS_SCALED=246146817933
	Shuffle Errors
		BAD_ID=0
		CONNECTION=0
		IO_ERROR=0
		WRONG_LENGTH=0
		WRONG_MAP=0
		WRONG_REDUCE=0
	File Input Format Counters 
		Bytes Read=693480
	File Output Format Counters 
		Bytes Written=688681
[PageRankDriver]   diff = 3.366856E-6, danglingSum(next) = 0.246146817933
[PageRankDriver] Vong lap 15 ...
2026-07-28 06:53:18,681 INFO client.DefaultNoHARMFailoverProxyProvider: Connecting to ResourceManager at /0.0.0.0:8032
2026-07-28 06:53:18,744 INFO mapreduce.JobResourceUploader: Disabling Erasure Coding for path: /tmp/hadoop-yarn/staging/minhminh/.staging/job_1785056191449_0107
2026-07-28 06:53:18,778 INFO input.FileInputFormat: Total input files to process : 1
2026-07-28 06:53:19,218 INFO mapreduce.JobSubmitter: number of splits:1
2026-07-28 06:53:19,655 INFO mapreduce.JobSubmitter: Submitting tokens for job: job_1785056191449_0107
2026-07-28 06:53:19,655 INFO mapreduce.JobSubmitter: Executing with tokens: []
2026-07-28 06:53:19,678 INFO impl.YarnClientImpl: Submitted application application_1785056191449_0107
2026-07-28 06:53:19,683 INFO mapreduce.Job: The url to track the job: http://LAPTOP-NCFUBPE4.localdomain:8088/proxy/application_1785056191449_0107/
2026-07-28 06:53:19,683 INFO mapreduce.Job: Running job: job_1785056191449_0107
2026-07-28 06:53:28,750 INFO mapreduce.Job: Job job_1785056191449_0107 running in uber mode : false
2026-07-28 06:53:28,751 INFO mapreduce.Job:  map 0% reduce 0%
2026-07-28 06:53:32,775 INFO mapreduce.Job:  map 100% reduce 0%
2026-07-28 06:53:39,374 INFO mapreduce.Job:  map 100% reduce 100%
2026-07-28 06:53:39,381 INFO mapreduce.Job: Job job_1785056191449_0107 completed successfully
2026-07-28 06:53:39,394 INFO mapreduce.Job: Counters: 56
	File System Counters
		FILE: Number of bytes read=3743407
		FILE: Number of bytes written=8040721
		FILE: Number of read operations=0
		FILE: Number of large read operations=0
		FILE: Number of write operations=0
		HDFS: Number of bytes read=688812
		HDFS: Number of bytes written=688725
		HDFS: Number of read operations=8
		HDFS: Number of large read operations=0
		HDFS: Number of write operations=2
		HDFS: Number of bytes read erasure-coded=0
	Job Counters 
		Launched map tasks=1
		Launched reduce tasks=1
		Data-local map tasks=1
		Total time spent by all maps in occupied slots (ms)=1876
		Total time spent by all reduces in occupied slots (ms)=1749
		Total time spent by all map tasks (ms)=1876
		Total time spent by all reduce tasks (ms)=1749
		Total vcore-milliseconds taken by all map tasks=1876
		Total vcore-milliseconds taken by all reduce tasks=1749
		Total megabyte-milliseconds taken by all map tasks=1921024
		Total megabyte-milliseconds taken by all reduce tasks=1790976
	Map-Reduce Framework
		Map input records=7115
		Map output records=110804
		Map output bytes=3520181
		Map output materialized bytes=3743407
		Input split bytes=131
		Combine input records=0
		Combine output records=0
		Reduce input groups=7115
		Reduce shuffle bytes=3743407
		Reduce input records=110804
		Reduce output records=7115
		Spilled Records=221608
		Shuffled Maps =1
		Failed Shuffles=0
		Merged Map outputs=1
		GC time elapsed (ms)=46
		CPU time spent (ms)=2940
		Physical memory (bytes) snapshot=592908288
		Virtual memory (bytes) snapshot=5522833408
		Total committed heap usage (bytes)=387973120
		Peak Map Physical memory (bytes)=332673024
		Peak Map Virtual memory (bytes)=2759782400
		Peak Reduce Physical memory (bytes)=260235264
		Peak Reduce Virtual memory (bytes)=2763051008
	PAGERANK
		DIFF_SCALED=1626693
		NEXT_DANGLING_MASS_SCALED=246146803973
	Shuffle Errors
		BAD_ID=0
		CONNECTION=0
		IO_ERROR=0
		WRONG_LENGTH=0
		WRONG_MAP=0
		WRONG_REDUCE=0
	File Input Format Counters 
		Bytes Read=688681
	File Output Format Counters 
		Bytes Written=688725
[PageRankDriver]   diff = 1.626693E-6, danglingSum(next) = 0.246146803973
[PageRankDriver] Vong lap 16 ...
2026-07-28 06:53:39,418 INFO client.DefaultNoHARMFailoverProxyProvider: Connecting to ResourceManager at /0.0.0.0:8032
2026-07-28 06:53:39,453 INFO mapreduce.JobResourceUploader: Disabling Erasure Coding for path: /tmp/hadoop-yarn/staging/minhminh/.staging/job_1785056191449_0108
2026-07-28 06:53:39,484 INFO input.FileInputFormat: Total input files to process : 1
2026-07-28 06:53:39,515 INFO mapreduce.JobSubmitter: number of splits:1
2026-07-28 06:53:39,550 INFO mapreduce.JobSubmitter: Submitting tokens for job: job_1785056191449_0108
2026-07-28 06:53:39,550 INFO mapreduce.JobSubmitter: Executing with tokens: []
2026-07-28 06:53:39,769 INFO impl.YarnClientImpl: Submitted application application_1785056191449_0108
2026-07-28 06:53:39,772 INFO mapreduce.Job: The url to track the job: http://LAPTOP-NCFUBPE4.localdomain:8088/proxy/application_1785056191449_0108/
2026-07-28 06:53:39,772 INFO mapreduce.Job: Running job: job_1785056191449_0108
2026-07-28 06:53:48,855 INFO mapreduce.Job: Job job_1785056191449_0108 running in uber mode : false
2026-07-28 06:53:48,855 INFO mapreduce.Job:  map 0% reduce 0%
2026-07-28 06:53:52,903 INFO mapreduce.Job:  map 100% reduce 0%
2026-07-28 06:53:57,929 INFO mapreduce.Job:  map 100% reduce 100%
2026-07-28 06:53:57,935 INFO mapreduce.Job: Job job_1785056191449_0108 completed successfully
2026-07-28 06:53:57,952 INFO mapreduce.Job: Counters: 56
	File System Counters
		FILE: Number of bytes read=3740653
		FILE: Number of bytes written=8035213
		FILE: Number of read operations=0
		FILE: Number of large read operations=0
		FILE: Number of write operations=0
		HDFS: Number of bytes read=688856
		HDFS: Number of bytes written=693447
		HDFS: Number of read operations=8
		HDFS: Number of large read operations=0
		HDFS: Number of write operations=2
		HDFS: Number of bytes read erasure-coded=0
	Job Counters 
		Launched map tasks=1
		Launched reduce tasks=1
		Data-local map tasks=1
		Total time spent by all maps in occupied slots (ms)=1883
		Total time spent by all reduces in occupied slots (ms)=1766
		Total time spent by all map tasks (ms)=1883
		Total time spent by all reduce tasks (ms)=1766
		Total vcore-milliseconds taken by all map tasks=1883
		Total vcore-milliseconds taken by all reduce tasks=1766
		Total megabyte-milliseconds taken by all map tasks=1928192
		Total megabyte-milliseconds taken by all reduce tasks=1808384
	Map-Reduce Framework
		Map input records=7115
		Map output records=110804
		Map output bytes=3517427
		Map output materialized bytes=3740653
		Input split bytes=131
		Combine input records=0
		Combine output records=0
		Reduce input groups=7115
		Reduce shuffle bytes=3740653
		Reduce input records=110804
		Reduce output records=7115
		Spilled Records=221608
		Shuffled Maps =1
		Failed Shuffles=0
		Merged Map outputs=1
		GC time elapsed (ms)=47
		CPU time spent (ms)=3150
		Physical memory (bytes) snapshot=607248384
		Virtual memory (bytes) snapshot=5523972096
		Total committed heap usage (bytes)=414187520
		Peak Map Physical memory (bytes)=332873728
		Peak Map Virtual memory (bytes)=2757197824
		Peak Reduce Physical memory (bytes)=274374656
		Peak Reduce Virtual memory (bytes)=2766774272
	PAGERANK
		DIFF_SCALED=812976
		NEXT_DANGLING_MASS_SCALED=246146811802
	Shuffle Errors
		BAD_ID=0
		CONNECTION=0
		IO_ERROR=0
		WRONG_LENGTH=0
		WRONG_MAP=0
		WRONG_REDUCE=0
	File Input Format Counters 
		Bytes Read=688725
	File Output Format Counters 
		Bytes Written=693447
[PageRankDriver]   diff = 8.12976E-7, danglingSum(next) = 0.246146811802
[PageRankDriver] Da hoi tu sau 16 vong lap (diff = 8.12976E-7 < tol = 1.0E-6)

===== KET QUA PAGERANK (Top 10) =====
#    Node                 PageRank
1    4037                 0.0046071739
2    15                   0.0036798649
3    6634                 0.0035867840
4    2625                 0.0032836594
5    2398                 0.0026086355
6    2470                 0.0025237728
7    2237                 0.0024966290
8    4191                 0.0022678521
9    7553                 0.0021697294
10   5254                 0.0021501008

Tong PageRank toan do thi (kiem tra bao toan ~ 1.0): 0.9999999999978001

CSV_RESULT,hadoop,wikivote,7115,16,354.353

[PageRankDriver] Hoan tat trong 354.353 giay, 16 vong lap. Ket qua cuoi cung: /pagerank/out_wikivote_v2/iter16
